Prepared pinned upstream ae58109f3acdd53ec2d2b3fb439c2a2ef1886221; player binding remains unverified until AVD playback tests pass.
PASS: boundaries, paused/disabled, rewind, stale replies, duration, reset, invalid ranges
To honour the JVM settings for this build a single-use Daemon process will be forked. For more on this, please refer to https://docs.gradle.org/8.10.2/userguide/gradle_daemon.html#sec:disabling_the_daemon in the Gradle documentation.
Daemon will be stopped at the end of the build 
Type-safe project accessors is an incubating feature.
> Task :build-logic:checkKotlinGradlePluginConfigurationErrors
> Task :build-logic:compileKotlin UP-TO-DATE
> Task :build-logic:compileJava NO-SOURCE
> Task :build-logic:pluginDescriptors UP-TO-DATE
> Task :build-logic:processResources UP-TO-DATE
> Task :build-logic:classes UP-TO-DATE
> Task :build-logic:jar UP-TO-DATE
> Task :integrations:app:checkKotlinGradlePluginConfigurationErrors SKIPPED
> Task :patches:checkKotlinGradlePluginConfigurationErrors SKIPPED
> Task :integrations:app:preBuild UP-TO-DATE
> Task :integrations:app:preReleaseBuild UP-TO-DATE
> Task :integrations:app:generateReleaseBuildConfig UP-TO-DATE
> Task :integrations:extend:preBuild UP-TO-DATE
> Task :integrations:extend:preReleaseBuild UP-TO-DATE
> Task :integrations:extend:writeReleaseAarMetadata UP-TO-DATE
> Task :integrations:app:checkReleaseAarMetadata UP-TO-DATE
> Task :integrations:extend:generateReleaseResValues UP-TO-DATE
> Task :integrations:extend:generateReleaseResources UP-TO-DATE
> Task :integrations:extend:packageReleaseResources UP-TO-DATE
> Task :integrations:app:mapReleaseSourceSetPaths UP-TO-DATE
> Task :integrations:app:generateReleaseResources UP-TO-DATE
> Task :integrations:app:mergeReleaseResources UP-TO-DATE
> Task :integrations:app:packageReleaseResources UP-TO-DATE
> Task :integrations:app:parseReleaseLocalResources UP-TO-DATE
> Task :integrations:app:createReleaseCompatibleScreenManifests UP-TO-DATE
> Task :integrations:app:extractDeepLinksRelease UP-TO-DATE
> Task :integrations:extend:extractDeepLinksRelease UP-TO-DATE
> Task :patches:compileKotlin UP-TO-DATE
> Task :integrations:extend:processReleaseManifest UP-TO-DATE
> Task :patches:compileJava NO-SOURCE
> Task :integrations:app:processReleaseMainManifest UP-TO-DATE
> Task :integrations:app:processReleaseManifest UP-TO-DATE
> Task :integrations:app:processReleaseManifestForPackage UP-TO-DATE
> Task :integrations:extend:compileReleaseLibraryResources UP-TO-DATE
> Task :integrations:extend:parseReleaseLocalResources UP-TO-DATE
> Task :patches:processResources UP-TO-DATE
> Task :patches:classes UP-TO-DATE
> Task :integrations:extend:generateReleaseRFile UP-TO-DATE
> Task :integrations:app:processReleaseResources UP-TO-DATE
> Task :integrations:dummy:preBuild UP-TO-DATE
> Task :integrations:dummy:preReleaseBuild UP-TO-DATE
> Task :integrations:dummy:generateReleaseResValues UP-TO-DATE
> Task :integrations:dummy:generateReleaseResources UP-TO-DATE
> Task :integrations:dummy:packageReleaseResources UP-TO-DATE
> Task :integrations:dummy:parseReleaseLocalResources UP-TO-DATE
> Task :integrations:dummy:generateReleaseRFile UP-TO-DATE
> Task :integrations:dummy:javaPreCompileRelease UP-TO-DATE
> Task :integrations:dummy:compileReleaseJavaWithJavac UP-TO-DATE
> Task :integrations:dummy:bundleLibCompileToJarRelease UP-TO-DATE
> Task :integrations:extend:javaPreCompileRelease UP-TO-DATE
> Task :integrations:extend:compileReleaseJavaWithJavac UP-TO-DATE
> Task :integrations:extend:bundleLibCompileToJarRelease UP-TO-DATE
> Task :integrations:ksp:checkKotlinGradlePluginConfigurationErrors SKIPPED
> Task :integrations:ksp:compileKotlin UP-TO-DATE
> Task :integrations:ksp:compileJava NO-SOURCE
> Task :integrations:ksp:processResources UP-TO-DATE
> Task :integrations:ksp:classes UP-TO-DATE
> Task :integrations:ksp:jar UP-TO-DATE
> Task :patches:jar
> Task :patches:assemble
> Task :patches:compileTestKotlin NO-SOURCE
> Task :patches:compileTestJava NO-SOURCE
> Task :patches:processTestResources NO-SOURCE
> Task :patches:testClasses UP-TO-DATE
> Task :patches:test NO-SOURCE
> Task :patches:check UP-TO-DATE
> Task :patches:build

> Task :patches:buildDexJar
Warning in E:\software\bili-clean-patch\upstream\patches\build\libs\BiliRoamingX-patches-1.23.3.jar:app/revanced/util/ResourceUtilsKt$iterator$1.class:
Type `java.util.Iterator` was not found, it is required for default or static interface methods desugaring of `app.revanced.util.ResourceUtilsKt$iterator$1`
Warning in E:\software\bili-clean-patch\upstream\patches\build\libs\BiliRoamingX-patches-1.23.3.jar:app/revanced/patches/all/misc/packagename/ChangePackageNamePatch.class:
Type `kotlin.jvm.functions.Function2` was not found, it is required for default or static interface methods desugaring of `app.revanced.patches.all.misc.packagename.ChangePackageNamePatch$$InternalSyntheticLambda$2$dc5e368c07e3a50b6803c3bdb770d20d98c05153186dca99e3c1be352529a446$0`
Warning in E:\software\bili-clean-patch\upstream\patches\build\libs\BiliRoamingX-patches-1.23.3.jar:app/revanced/patches/bilibili/ads/patch/UpRcmdAdsPatch.class:
Type `app.revanced.patcher.patch.BytecodePatch` was not found, it is required for default or static interface methods desugaring of `app.revanced.patches.bilibili.ads.patch.UpRcmdAdsPatch`
Warning in E:\software\bili-clean-patch\upstream\patches\build\libs\BiliRoamingX-patches-1.23.3.jar:app/revanced/patches/bilibili/layout/fingerprints/FullStoryWidgetFingerprint.class:
Type `app.revanced.patcher.fingerprint.MethodFingerprint` was not found, it is required for default or static interface methods desugaring of `app.revanced.patches.bilibili.layout.fingerprints.FullStoryWidgetFingerprint`
Warning in E:\software\bili-clean-patch\upstream\patches\build\libs\BiliRoamingX-patches-1.23.3.jar:app/revanced/patches/all/telephony/sim/spoof/SpoofSimCountryPatch$MethodCall.class:
Type `java.lang.Enum` was not found, it is required for default or static interface methods desugaring of `app.revanced.patches.all.telephony.sim.spoof.SpoofSimCountryPatch$MethodCall`
Warning in E:\software\bili-clean-patch\upstream\patches\build\libs\BiliRoamingX-patches-1.23.3.jar:app/revanced/patches/bilibili/misc/other/patch/BiliLibraryPatch.class:
Type `app.revanced.patcher.patch.RawResourcePatch` was not found, it is required for default or static interface methods desugaring of `app.revanced.patches.bilibili.misc.other.patch.BiliLibraryPatch`
Warning in E:\software\bili-clean-patch\upstream\patches\build\libs\BiliRoamingX-patches-1.23.3.jar:app/revanced/patches/all/misc/transformation/IMethodCall$DefaultImpls.class:
Type `kotlin.jvm.functions.Function1` was not found, it is required for default or static interface methods desugaring of `app.revanced.patches.all.misc.transformation.IMethodCall$DefaultImpls$$InternalSyntheticLambda$2$977c055e6d4ce44ba6513184fea226f3e9573d517eafff9365183e681abd1b89$0`
Warning in E:\software\bili-clean-patch\upstream\patches\build\libs\BiliRoamingX-patches-1.23.3.jar:app/revanced/util/ResourceUtilsKt$children$$inlined$filterIsInstance$1.class:
Type `kotlin.jvm.internal.Lambda` was not found, it is required for default or static interface methods desugaring of `app.revanced.util.ResourceUtilsKt$children$$inlined$filterIsInstance$1`
Warning in E:\software\bili-clean-patch\upstream\patches\build\libs\BiliRoamingX-patches-1.23.3.jar:app/revanced/patches/all/misc/packagename/ChangePackageNamePatch.class:
Type `app.revanced.patcher.patch.ResourcePatch` was not found, it is required for default or static interface methods desugaring of `app.revanced.patches.all.misc.packagename.ChangePackageNamePatch`
Warning in E:\software\bili-clean-patch\upstream\patches\build\libs\BiliRoamingX-patches-1.23.3.jar:app/revanced/util/ResourceUtilsKt$iterator$1.class:
Type `kotlin.jvm.internal.markers.KMappedMarker` was not found, it is required for default or static interface methods desugaring of `app.revanced.util.ResourceUtilsKt$iterator$1`
Warning in E:\software\bili-clean-patch\upstream\patches\build\libs\BiliRoamingX-patches-1.23.3.jar:app/revanced/patches/all/misc/packagename/ChangePackageNamePatch.class:
Type `java.io.Closeable` was not found, it is required for default or static interface methods desugaring of `app.revanced.patches.all.misc.packagename.ChangePackageNamePatch`

> Task :patches:generatePatchesFiles
> Task :patches:dist
> Task :integrations:app:buildKotlinToolingMetadata UP-TO-DATE
> Task :integrations:app:javaPreCompileRelease UP-TO-DATE
> Task :integrations:app:extractProguardFiles UP-TO-DATE
> Task :integrations:dummy:bundleLibRuntimeToJarRelease UP-TO-DATE
> Task :integrations:dummy:processReleaseJavaRes NO-SOURCE
> Task :integrations:dummy:createFullJarRelease UP-TO-DATE
> Task :integrations:dummy:extractProguardFiles UP-TO-DATE
> Task :integrations:dummy:processReleaseManifest UP-TO-DATE
> Task :integrations:dummy:generateReleaseLintModel UP-TO-DATE
> Task :integrations:dummy:prepareLintJarForPublish UP-TO-DATE
> Task :integrations:extend:bundleLibRuntimeToJarRelease UP-TO-DATE
> Task :integrations:extend:processReleaseJavaRes NO-SOURCE
> Task :integrations:extend:createFullJarRelease UP-TO-DATE
> Task :integrations:extend:extractProguardFiles UP-TO-DATE
> Task :integrations:extend:generateReleaseLintModel UP-TO-DATE
> Task :integrations:extend:prepareLintJarForPublish UP-TO-DATE
> Task :integrations:extend:mergeReleaseJniLibFolders UP-TO-DATE
> Task :integrations:extend:mergeReleaseNativeLibs NO-SOURCE
> Task :integrations:extend:stripReleaseDebugSymbols NO-SOURCE
> Task :integrations:extend:copyReleaseJniLibsProjectAndLocalJars UP-TO-DATE
> Task :integrations:extend:extractDeepLinksForAarRelease UP-TO-DATE
> Task :integrations:extend:extractReleaseAnnotations UP-TO-DATE
> Task :integrations:extend:mergeReleaseGeneratedProguardFiles UP-TO-DATE
> Task :integrations:extend:mergeReleaseConsumerProguardFiles UP-TO-DATE
> Task :integrations:extend:mergeReleaseShaders UP-TO-DATE
> Task :integrations:extend:compileReleaseShaders NO-SOURCE
> Task :integrations:extend:generateReleaseAssets UP-TO-DATE
> Task :integrations:extend:packageReleaseAssets UP-TO-DATE
> Task :integrations:extend:prepareReleaseArtProfile UP-TO-DATE
> Task :integrations:extend:mergeReleaseJavaResource UP-TO-DATE
> Task :integrations:extend:syncReleaseLibJars UP-TO-DATE
> Task :integrations:extend:bundleReleaseLocalLintAar UP-TO-DATE
> Task :integrations:dummy:mergeReleaseJniLibFolders UP-TO-DATE
> Task :integrations:dummy:mergeReleaseNativeLibs NO-SOURCE
> Task :integrations:dummy:stripReleaseDebugSymbols NO-SOURCE
> Task :integrations:dummy:copyReleaseJniLibsProjectAndLocalJars UP-TO-DATE
> Task :integrations:dummy:extractDeepLinksForAarRelease UP-TO-DATE
> Task :integrations:dummy:extractReleaseAnnotations UP-TO-DATE
> Task :integrations:dummy:mergeReleaseGeneratedProguardFiles UP-TO-DATE
> Task :integrations:dummy:mergeReleaseConsumerProguardFiles UP-TO-DATE
> Task :integrations:dummy:mergeReleaseShaders UP-TO-DATE
> Task :integrations:dummy:compileReleaseShaders NO-SOURCE
> Task :integrations:dummy:generateReleaseAssets UP-TO-DATE
> Task :integrations:dummy:packageReleaseAssets UP-TO-DATE
> Task :integrations:dummy:prepareReleaseArtProfile UP-TO-DATE
> Task :integrations:dummy:mergeReleaseJavaResource UP-TO-DATE
> Task :integrations:dummy:syncReleaseLibJars UP-TO-DATE
> Task :integrations:dummy:writeReleaseAarMetadata UP-TO-DATE
> Task :integrations:dummy:bundleReleaseLocalLintAar UP-TO-DATE
> Task :integrations:dummy:lintVitalAnalyzeRelease UP-TO-DATE
> Task :integrations:dummy:writeReleaseLintModelMetadata UP-TO-DATE
> Task :integrations:extend:lintVitalAnalyzeRelease UP-TO-DATE
> Task :integrations:extend:writeReleaseLintModelMetadata UP-TO-DATE
> Task :integrations:dummy:generateReleaseLintVitalModel UP-TO-DATE
> Task :integrations:extend:generateReleaseLintVitalModel UP-TO-DATE
> Task :integrations:app:preDevBuild UP-TO-DATE
> Task :integrations:app:configureCMakeRelease[arm64-v8a]
> Task :integrations:app:buildCMakeRelease[arm64-v8a][biliroamingx]
> Task :integrations:app:configureCMakeRelease[armeabi-v7a]
> Task :integrations:app:buildCMakeRelease[armeabi-v7a][biliroamingx]
> Task :integrations:app:configureCMakeRelease[x86]
> Task :integrations:app:buildCMakeRelease[x86][biliroamingx]
> Task :integrations:app:configureCMakeRelease[x86_64]
> Task :integrations:app:buildCMakeRelease[x86_64][biliroamingx]
> Task :integrations:app:mergeReleaseJniLibFolders UP-TO-DATE
> Task :integrations:extend:copyReleaseJniLibsProjectOnly UP-TO-DATE
> Task :integrations:app:mergeReleaseNativeLibs UP-TO-DATE
> Task :integrations:app:stripReleaseDebugSymbols UP-TO-DATE
> Task :integrations:app:extractReleaseNativeSymbolTables UP-TO-DATE
> Task :integrations:app:mergeReleaseNativeDebugMetadata UP-TO-DATE
> Task :integrations:extend:exportReleaseConsumerProguardFiles UP-TO-DATE
> Task :integrations:app:checkReleaseDuplicateClasses UP-TO-DATE
> Task :integrations:app:mergeReleaseArtProfile UP-TO-DATE
> Task :integrations:app:mergeReleaseStartupProfile UP-TO-DATE
> Task :integrations:app:mergeReleaseShaders UP-TO-DATE
> Task :integrations:app:compileReleaseShaders NO-SOURCE
> Task :integrations:app:generateReleaseAssets UP-TO-DATE
> Task :integrations:app:mergeReleaseAssets UP-TO-DATE
> Task :integrations:app:compressReleaseAssets UP-TO-DATE
> Task :integrations:app:extractReleaseVersionControlInfo UP-TO-DATE
> Task :integrations:app:optimizeReleaseResources UP-TO-DATE
> Task :integrations:app:collectReleaseDependencies UP-TO-DATE
> Task :integrations:app:sdkReleaseDependencyData UP-TO-DATE
> Task :integrations:app:validateSigningRelease UP-TO-DATE
> Task :integrations:app:writeReleaseAppMetadata UP-TO-DATE
> Task :integrations:app:writeReleaseSigningConfigVersions UP-TO-DATE
> Task :integrations:app:kspReleaseKotlin
> Task :integrations:app:compileReleaseKotlin
> Task :integrations:app:compileReleaseJavaWithJavac UP-TO-DATE
> Task :integrations:app:generateReleaseLintVitalReportModel
> Task :integrations:app:expandReleaseArtProfileWildcards
> Task :integrations:app:mergeReleaseGeneratedProguardFiles UP-TO-DATE
> Task :integrations:app:processReleaseJavaRes UP-TO-DATE
> Task :integrations:app:mergeReleaseJavaResource UP-TO-DATE
> Task :integrations:app:minifyReleaseWithR8
> Task :integrations:app:compileReleaseArtProfile
> Task :integrations:app:packageRelease
> Task :integrations:app:createReleaseApkListingFileRedirect UP-TO-DATE
> Task :integrations:app:lintVitalAnalyzeRelease
> Task :integrations:app:lintVitalReportRelease UP-TO-DATE
> Task :integrations:app:lintVitalRelease
> Task :integrations:app:assembleRelease
> Task :dist
w: Detected multiple Kotlin daemon sessions at 

BUILD SUCCESSFUL in 1m 12s
135 actionable tasks: 22 executed, 113 up-to-date
